// Jest Snapshot v1, https://goo.gl/fbAQLP

exports[`ApolloClient constructor will throw an error if link is not passed in 1`] = `"InMemoryCache is not defined"`;
