// Jest Snapshot v1, https://goo.gl/fbAQLP

exports[`Landing renders correctly 1`] = `
<View
  accessibilityIgnoresInvertColors={true}
  style={
    Object {
      "flex": 1,
      "height": "100%",
      "width": "100%",
    }
  }
>
  <Image
    source={1}
    style={
      Array [
        Object {
          "bottom": 0,
          "left": 0,
          "position": "absolute",
          "right": 0,
          "top": 0,
        },
        Object {
          "height": "100%",
          "width": "100%",
        },
        undefined,
      ]
    }
  />
  <View
    style={
      Object {
        "alignItems": "flex-start",
        "flex": 1,
        "justifyContent": "space-around",
        "paddingBottom": "10%",
        "paddingHorizontal": "15%",
        "paddingTop": "20%",
        "width": "100%",
      }
    }
  >
    <View
      style={
        Object {
          "borderBottomColor": "black",
          "borderBottomWidth": 5,
        }
      }
    >
      <Text
        style={
          Object {
            "color": "#2E2F38",
            "fontFamily": "Nunito-Black",
            "fontSize": 35,
            "marginBottom": -5,
          }
        }
      >
        BUDDY
      </Text>
    </View>
    <View>
      <Text
        style={
          Object {
            "color": "#2E2F38",
            "fontFamily": "Nunito-Regular",
            "fontSize": 20,
          }
        }
      >
        A friendly network to help you discover the world around.
      </Text>
    </View>
    <View
      style={
        Object {
          "alignItems": "center",
          "flexDirection": "row",
          "justifyContent": "space-between",
          "width": "100%",
        }
      }
    >
      <View
        accessible={true}
        isTVSelectable={true}
        onResponderGrant={[Function]}
        onResponderMove={[Function]}
        onResponderRelease={[Function]}
        onResponderTerminate={[Function]}
        onResponderTerminationRequest={[Function]}
        onStartShouldSetResponder={[Function]}
        style={
          Object {
            "alignItems": "center",
            "borderColor": "#2E2F38",
            "borderRadius": 5,
            "borderWidth": 1,
            "height": 40,
            "justifyContent": "center",
            "opacity": 1,
            "paddingHorizontal": 30,
            "width": 130,
          }
        }
      >
        <Text
          style={
            Array [
              Object {
                "color": "#2E2F38",
                "fontFamily": "Nunito-Regular",
                "fontSize": 18,
              },
            ]
          }
        >
          Sign In
        </Text>
      </View>
      <View
        accessible={true}
        isTVSelectable={true}
        onResponderGrant={[Function]}
        onResponderMove={[Function]}
        onResponderRelease={[Function]}
        onResponderTerminate={[Function]}
        onResponderTerminationRequest={[Function]}
        onStartShouldSetResponder={[Function]}
        style={
          Object {
            "alignItems": "center",
            "backgroundColor": "#6D6DFF",
            "borderColor": "#6D6DFF",
            "borderRadius": 5,
            "borderWidth": 1,
            "color": "#FFFFFF",
            "height": 40,
            "justifyContent": "center",
            "opacity": 1,
            "paddingHorizontal": 30,
            "width": 130,
          }
        }
      >
        <Text
          style={
            Array [
              Object {
                "color": "#2E2F38",
                "fontFamily": "Nunito-Regular",
                "fontSize": 18,
              },
              Object {
                "color": "#FFF",
              },
            ]
          }
        >
          Sign Up
        </Text>
      </View>
    </View>
    <View
      style={
        Object {
          "width": "100%",
        }
      }
    >
      <Image
        source={1}
        style={
          Object {
            "height": 300,
            "resizeMode": "cover",
            "width": "100%",
          }
        }
      />
    </View>
  </View>
</View>
`;
